// Jest Snapshot v1, https://goo.gl/fbAQLP

exports[`Tests in Calculator component Should match with the snapshoot 1`] = `
<div>
  <div
    class="calculator"
  >
    <div
      class="display"
    >
      <div
        class="input"
        data-testid="test-display"
      />
      <div
        class="result"
        data-testid="test-result"
      >
        0
      </div>
    </div>
    <div
      class="buttons"
    >
      <button
        class="number"
      >
        AC
      </button>
      <button
        class="number"
      >
        DE
      </button>
      <button
        class="operator"
      >
        .
      </button>
      <button
        class="operator"
      >
        /
      </button>
      <button
        class="number"
      >
        7
      </button>
      <button
        class="number"
      >
        8
      </button>
      <button
        class="number"
      >
        9
      </button>
      <button
        class="operator"
      >
        *
      </button>
      <button
        class="number"
      >
        4
      </button>
      <button
        class="number"
      >
        5
      </button>
      <button
        class="number"
      >
        6
      </button>
      <button
        class="operator"
      >
        -
      </button>
      <button
        class="number"
      >
        1
      </button>
      <button
        class="number"
      >
        2
      </button>
      <button
        class="number"
      >
        3
      </button>
      <button
        class="operator"
      >
        +
      </button>
      <button
        class="number"
      >
        00
      </button>
      <button
        class="number"
      >
        0
      </button>
      <button
        class="operator equal"
      >
        =
      </button>
    </div>
  </div>
</div>
`;
